// Jest Snapshot v1, https://goo.gl/fbAQLP

exports[`Button renders 1`] = `
.c0 {
  font-family: inherit;
  background: transparent;
  font-size: 1em;
  padding: 0.25em 1.5em;
  border: 1px solid;
  border-radius: 4px;
  cursor: pointer;
}

<ForwardRef
  as={null}
  className=""
  color=""
  onClick={[MockFunction]}
  type="button"
>
  <styled.button
    as={null}
    className=""
    color=""
    data-button-test={true}
    onClick={[MockFunction]}
    type="button"
  >
    <button
      className="c0"
      color=""
      data-button-test={true}
      onClick={[MockFunction]}
      type="button"
    >
      Button
    </button>
  </styled.button>
</ForwardRef>
`;
