// Jest Snapshot v1, https://goo.gl/fbAQLP

exports[`Button renders 1`] = `
<ForwardRef
  as={null}
  className=""
  color=""
  icon=""
  onClick={[MockFunction]}
  type="button"
>
  <styled.button
    as={null}
    className=""
    color=""
    data-button-test={true}
    onClick={[MockFunction]}
    type="button"
  >
    <button
      className="sc-AxiKw Rtuhc"
      color=""
      data-button-test={true}
      onClick={[MockFunction]}
      type="button"
    >
      Button
    </button>
  </styled.button>
</ForwardRef>
`;
