// Jest Snapshot v1, https://goo.gl/fbAQLP

exports[`Popover should render closed 1`] = `
<button
  type="button"
>
  Button
</button>
`;

exports[`Popover should render open 1`] = `
Array [
  <button
    type="button"
  >
    Button
  </button>,
  <div
    className="sc-AxjAm fOWUxG"
    style={
      Object {
        "left": "0",
        "position": "absolute",
        "top": "0",
      }
    }
  >
    <div
      id="arrow"
    />
    <div>
      Popover test content
    </div>
  </div>,
]
`;
