// Jest Snapshot v1, https://goo.gl/fbAQLP

exports[`Popover given popover is open, renders 1`] = `
Array [
  <button
    type="button"
  >
    Button
  </button>,
  <div
    class="sc-AxjAm fOWUxG"
    style="position:absolute;left:0;top:0"
  >
    <div
      id="arrow"
    />
    <div>
      Popover test content
    </div>
  </div>,
]
`;

exports[`Popover renders 1`] = `
<button
  type="button"
>
  Button
</button>
`;
