// Jest Snapshot v1, https://goo.gl/fbAQLP

exports[`SpinnerTentative renders 1`] = `
<SpinnerTentative
  condition={false}
>
  <styled.div>
    <div
      className="sc-AxjAm HfjjY"
    >
      <styled.div>
        <div
          className="sc-AxirZ cKyuOz"
        />
      </styled.div>
    </div>
  </styled.div>
</SpinnerTentative>
`;
