// Jest Snapshot v1, https://goo.gl/fbAQLP

exports[`Dropdown renders 1`] = `
<div
  className="sc-AxhUy iumSJR"
  fontFamily="openSans"
  size="normal"
>
  <div
    className="sc-AxgMl ecWowd"
  >
    <button
      className="sc-AxheI jgVLYo sc-AxiKw Rtuhc"
      color=""
      data-button-test={true}
      onClick={[Function]}
      type="button"
    >
      
      <span
        className="sc-AxmLO sc-fzozJi fSPnmq"
      >
        
      </span>
      <span
        className="sc-AxmLO RLGYb sc-AxjAm jWlVxK lni lni-chevron-down"
      />
    </button>
  </div>
</div>
`;
